#
# There is insufficient memory for the Java Runtime Environment to continue.
# Native memory allocation (mmap) failed to map 134217728 bytes. Error detail: G1 virtual space
# Possible reasons:
#   The system is out of physical RAM or swap space
#   This process is running with CompressedOops enabled, and the Java Heap may be blocking the growth of the native heap
# Possible solutions:
#   Reduce memory load on the system
#   Increase physical memory or swap space
#   Check if swap backing store is full
#   Decrease Java heap size (-Xmx/-Xms)
#   Decrease number of Java threads
#   Decrease Java thread stack sizes (-Xss)
#   Set larger code cache with -XX:ReservedCodeCacheSize=
#   JVM is running with Unscaled Compressed Oops mode in which the Java heap is
#     placed in the first 4GB address space. The Java Heap base address is the
#     maximum limit for the native heap growth. Please use -XX:HeapBaseMinAddress
#     to set the Java Heap base and to place the Java Heap above 4GB virtual address.
# This output file may be truncated or incomplete.
#
#  Out of Memory Error (os_windows.cpp:3926), pid=12492, tid=24240
#
# JRE version:  (21.0.10) (build )
# Java VM: OpenJDK 64-Bit Server VM (21.0.10+-14961533-b1163.108, mixed mode, sharing, tiered, compressed oops, compressed class ptrs, g1 gc, windows-amd64)
# No core dump will be written. Minidumps are not enabled by default on client versions of Windows
#

---------------  S U M M A R Y ------------

Command Line: 

Host: Intel(R) Core(TM) i5-6300U CPU @ 2.40GHz, 4 cores, 7G,  Windows 11 , 64 bit Build 22621 (10.0.22621.5415)
Time: Sat May 23 15:26:11 2026 E. Africa Standard Time elapsed time: 0.213524 seconds (0d 0h 0m 0s)

---------------  T H R E A D  ---------------

Current thread (0x000001aa75d121f0):  JavaThread "Unknown thread" [_thread_in_vm, id=24240, stack(0x0000000525f00000,0x0000000526000000) (1024K)]

Stack: [0x0000000525f00000,0x0000000526000000]
Native frames: (J=compiled Java code, j=interpreted, Vv=VM code, C=native code)
V  [jvm.dll+0x6d78a9]
V  [jvm.dll+0x8665b3]
V  [jvm.dll+0x868bde]
V  [jvm.dll+0x8692c3]
V  [jvm.dll+0x280ee6]
V  [jvm.dll+0x6d4165]
V  [jvm.dll+0x6c77fa]
V  [jvm.dll+0x358f4b]
V  [jvm.dll+0x360bc6]
V  [jvm.dll+0x3b2ea6]
V  [jvm.dll+0x3b3178]
V  [jvm.dll+0x32b65c]
V  [jvm.dll+0x32c34b]
V  [jvm.dll+0x82f449]
V  [jvm.dll+0x3c0078]
V  [jvm.dll+0x8185e8]
V  [jvm.dll+0x45449e]
V  [jvm.dll+0x455c01]
C  [jli.dll+0x52ab]
C  [ucrtbase.dll+0x29333]
C  [KERNEL32.DLL+0x1259d]
C  [ntdll.dll+0x5af78]


---------------  P R O C E S S  ---------------

Threads class SMR info:
_java_thread_list=0x00007ffcfc91b9c8, length=0, elements={
}

Java Threads: ( => current thread )
Total: 0

Other Threads:
  0x000001aa7805d460 WorkerThread "GC Thread#0"                     [id=26540, stack(0x0000000526000000,0x0000000526100000) (1024K)]
  0x000001aa7806e200 ConcurrentGCThread "G1 Main Marker"            [id=19372, stack(0x0000000526100000,0x0000000526200000) (1024K)]
  0x000001aa7806f4b0 WorkerThread "G1 Conc#0"                       [id=13136, stack(0x0000000526200000,0x0000000526300000) (1024K)]

[error occurred during error reporting (printing all threads), id 0xc0000005, EXCEPTION_ACCESS_VIOLATION (0xc0000005) at pc=0x00007ffcfc10e637]
VM state: not at safepoint (not fully initialized)

VM Mutex/Monitor currently owned by a thread:  ([mutex/lock_event])
[0x00007ffcfc9887d0] Heap_lock - owner thread: 0x000001aa75d121f0

Heap address: 0x0000000081e00000, size: 2018 MB, Compressed Oops mode: 32-bit

CDS archive(s) mapped at: [0x0000000000000000-0x0000000000000000-0x0000000000000000), size 0, SharedBaseAddress: 0x0000000800000000, ArchiveRelocationMode: 1.
Narrow klass base: 0x0000000000000000, Narrow klass shift: 0, Narrow klass range: 0x0

GC Precious Log:
 CardTable entry size: 512
 Card Set container configuration: InlinePtr #cards 5 size 8 Array Of Cards #cards 12 size 40 Howl #buckets 4 coarsen threshold 1843 Howl Bitmap #cards 512 size 80 coarsen threshold 460 Card regions per heap region 1 cards per card region 2048

Heap:
 garbage-first heap   total 0K, used 0K [0x0000000081e00000, 0x0000000100000000)
  region size 1024K, 0 young (0K), 0 survivors (0K)
 Metaspace       used 0K, committed 0K, reserved 0K
  class space    used 0K, committed 0K, reserved 0K

Heap Regions: E=young(eden), S=young(survivor), O=old, HS=humongous(starts), HC=humongous(continues), CS=collection set, F=free, TAMS=top-at-mark-start, PB=parsable bottom

Card table byte_map: [0x000001aa7b570000,0x000001aa7b970000] _byte_map_base: 0x000001aa7b161000

Marking Bits: (CMBitMap*) 0x000001aa7805db70
 Bits: [0x000001aa7b970000, 0x000001aa7d8f8000)

GC Heap History (0 events):
No events

Dll operation events (1 events):
Event: 0.016 Loaded shared library D:\New folder\jbr\bin\java.dll

Deoptimization events (0 events):
No events

Classes loaded (0 events):
No events

Classes unloaded (0 events):
No events

Classes redefined (0 events):
No events

Internal exceptions (0 events):
No events

ZGC Phase Switch (0 events):
No events

VM Operations (0 events):
No events

Memory protections (0 events):
No events

Nmethod flushes (0 events):
No events

Events (0 events):
No events


Dynamic libraries:
0x00007ff759c60000 - 0x00007ff759c6a000 	D:\New folder\jbr\bin\java.EXE
0x00007ffd78d50000 - 0x00007ffd78f68000 	C:\Windows\SYSTEM32\ntdll.dll
0x00007ffd78040000 - 0x00007ffd78104000 	C:\Windows\System32\KERNEL32.DLL
0x00007ffd75e60000 - 0x00007ffd76233000 	C:\Windows\System32\KERNELBASE.dll
0x00007ffd76270000 - 0x00007ffd76381000 	C:\Windows\System32\ucrtbase.dll
0x00007ffd4da70000 - 0x00007ffd4da88000 	D:\New folder\jbr\bin\jli.dll
0x00007ffd76ee0000 - 0x00007ffd77092000 	C:\Windows\System32\USER32.dll
0x00007ffd76390000 - 0x00007ffd763b6000 	C:\Windows\System32\win32u.dll
0x00007ffd77130000 - 0x00007ffd77159000 	C:\Windows\System32\GDI32.dll
0x00007ffd763c0000 - 0x00007ffd764db000 	C:\Windows\System32\gdi32full.dll
0x00007ffd768d0000 - 0x00007ffd7696a000 	C:\Windows\System32\msvcp_win.dll
0x00007ffd4d640000 - 0x00007ffd4d65b000 	D:\New folder\jbr\bin\VCRUNTIME140.dll
0x00007ffd61ee0000 - 0x00007ffd6217c000 	C:\Windows\WinSxS\amd64_microsoft.windows.common-controls_6595b64144ccf1df_6.0.22621.6060_none_2712eda17382d24b\COMCTL32.dll
0x00007ffd783a0000 - 0x00007ffd78447000 	C:\Windows\System32\msvcrt.dll
0x00007ffd78ac0000 - 0x00007ffd78af1000 	C:\Windows\System32\IMM32.DLL
0x00007ffd60560000 - 0x00007ffd6056c000 	D:\New folder\jbr\bin\vcruntime140_1.dll
0x00007ffd2b850000 - 0x00007ffd2b8dd000 	D:\New folder\jbr\bin\msvcp140.dll
0x00007ffcfbdd0000 - 0x00007ffcfca66000 	D:\New folder\jbr\bin\server\jvm.dll
0x00007ffd78450000 - 0x00007ffd78501000 	C:\Windows\System32\ADVAPI32.dll
0x00007ffd77f90000 - 0x00007ffd78038000 	C:\Windows\System32\sechost.dll
0x00007ffd76240000 - 0x00007ffd76268000 	C:\Windows\System32\bcrypt.dll
0x00007ffd789a0000 - 0x00007ffd78ab8000 	C:\Windows\System32\RPCRT4.dll
0x00007ffd76ac0000 - 0x00007ffd76b31000 	C:\Windows\System32\WS2_32.dll
0x00007ffd75d40000 - 0x00007ffd75d8d000 	C:\Windows\SYSTEM32\POWRPROF.dll
0x00007ffd6c170000 - 0x00007ffd6c1a4000 	C:\Windows\SYSTEM32\WINMM.dll
0x00007ffd6c8f0000 - 0x00007ffd6c8fa000 	C:\Windows\SYSTEM32\VERSION.dll
0x00007ffd75d20000 - 0x00007ffd75d33000 	C:\Windows\SYSTEM32\UMPDC.dll
0x00007ffd74e40000 - 0x00007ffd74e58000 	C:\Windows\SYSTEM32\kernel.appcore.dll
0x00007ffd53730000 - 0x00007ffd5373a000 	D:\New folder\jbr\bin\jimage.dll
0x00007ffd73b00000 - 0x00007ffd73d33000 	C:\Windows\SYSTEM32\DBGHELP.DLL
0x00007ffd76b40000 - 0x00007ffd76ed1000 	C:\Windows\System32\combase.dll
0x00007ffd78120000 - 0x00007ffd781f8000 	C:\Windows\System32\OLEAUT32.dll
0x00007ffd60480000 - 0x00007ffd604b2000 	C:\Windows\SYSTEM32\dbgcore.DLL
0x00007ffd766e0000 - 0x00007ffd7675b000 	C:\Windows\System32\bcryptPrimitives.dll
0x00007ffd4a730000 - 0x00007ffd4a750000 	D:\New folder\jbr\bin\java.dll

JVMTI agents: none

dbghelp: loaded successfully - version: 4.0.5 - missing functions: none
symbol engine: initialized successfully - sym options: 0x614 - pdb path: .;D:\New folder\jbr\bin;C:\Windows\SYSTEM32;C:\Windows\WinSxS\amd64_microsoft.windows.common-controls_6595b64144ccf1df_6.0.22621.6060_none_2712eda17382d24b;D:\New folder\jbr\bin\server

VM Arguments:
java_command: <unknown>
java_class_path (initial): <not set>
Launcher Type: SUN_STANDARD

[Global flags]
     intx CICompilerCount                          = 3                                         {product} {ergonomic}
     uint ConcGCThreads                            = 1                                         {product} {ergonomic}
     uint G1ConcRefinementThreads                  = 4                                         {product} {ergonomic}
   size_t G1HeapRegionSize                         = 1048576                                   {product} {ergonomic}
    uintx GCDrainStackTargetSize                   = 64                                        {product} {ergonomic}
   size_t InitialHeapSize                          = 134217728                                 {product} {ergonomic}
   size_t MarkStackSize                            = 4194304                                   {product} {ergonomic}
   size_t MaxHeapSize                              = 2116026368                                {product} {ergonomic}
   size_t MinHeapDeltaBytes                        = 1048576                                   {product} {ergonomic}
   size_t MinHeapSize                              = 8388608                                   {product} {ergonomic}
    uintx NonNMethodCodeHeapSize                   = 5832780                                {pd product} {ergonomic}
    uintx NonProfiledCodeHeapSize                  = 122912730                              {pd product} {ergonomic}
    uintx ProfiledCodeHeapSize                     = 122912730                              {pd product} {ergonomic}
    uintx ReservedCodeCacheSize                    = 251658240                              {pd product} {ergonomic}
     bool SegmentedCodeCache                       = true                                      {product} {ergonomic}
   size_t SoftMaxHeapSize                          = 2116026368                             {manageable} {ergonomic}
     bool UseCompressedOops                        = true                           {product lp64_product} {ergonomic}
     bool UseG1GC                                  = true                                      {product} {ergonomic}
     bool UseLargePagesIndividualAllocation        = false                                  {pd product} {ergonomic}

Logging:
Log output configuration:
 #0: stdout all=warning uptime,level,tags foldmultilines=false
 #1: stderr all=off uptime,level,tags foldmultilines=false

Release file:
<release file has not been read>
Environment Variables:
PATH=C:\Program Files\Microsoft MPI\Bin\;C:\Program Files\Common Files\Oracle\Java\javapath;C:\Python314\Scripts\;C:\Python314\;C:\Windows\system32;C:\Windows;C:\Windows\System32\Wbem;C:\Windows\System32\WindowsPowerShell\v1.0\;C:\Windows\System32\OpenSSH\;C:\ProgramData\chocolatey\bin;C:\Program Files\Microsoft SQL Server\170\Tools\Binn\;C:\Program Files\Microsoft SQL Server\Client SDK\ODBC\170\Tools\Binn\;C:\Program Files (x86)\Microsoft SQL Server\170\Tools\Binn\;C:\Program Files\Microsoft SQL Server\Client SDK\ODBC\180\Tools\Binn\;C:\Program Files\Microsoft SQL Server\170\DTS\Binn\;C:\Program Files\dotnet\;C:\Program Files (x86)\Windows Kits\10\Windows Performance Toolkit\;C:\Program Files\nodejs\;C:\Program Files\MySQL\MySQL Shell 8.0\bin\;C:\Users\Eng Amiin\AppData\Local\Microsoft\WindowsApps;C:\Users\Eng Amiin\AppData\Local\Programs\Microsoft VS Code\bin;C:\Users\Eng Amiin\AppData\Local\GitHubDesktop\bin;C:\Users\Eng Amiin\.dotnet\tools;C:\Users\Eng Amiin\AppData\Roaming\npm;C:\flutter\bin;C:\Users\Eng Amiin\AppData\Local\JetBrains\Toolbox\scripts;C:\Program Files\JetBrains\IntelliJ IDEA 2026.1.1\bin\IntelliJ IDEA 2026.1.1\bin;C:\flutter\bin\mingit\cmd;C:\flutter\bin\mingit\cmd
USERNAME=Eng Amiin
OS=Windows_NT
PROCESSOR_IDENTIFIER=Intel64 Family 6 Model 78 Stepping 3, GenuineIntel
TMP=C:\Users\ENGAMI~1\AppData\Local\Temp
TEMP=C:\Users\ENGAMI~1\AppData\Local\Temp




Periodic native trim disabled

JNI global refs:
JNI global refs: 0, weak refs: 0

JNI global refs memory usage: 0, weak refs: 0

Process memory usage:
Resident Set Size: 11512K (0% of 8265384K total physical memory with 959140K free physical memory)

OOME stack traces (most recent first):
Classloader memory used:

---------------  S Y S T E M  ---------------

OS:
 Windows 11 , 64 bit Build 22621 (10.0.22621.5415)
OS uptime: 1 days 1:53 hours

CPU: total 4 (initial active 4) (2 cores per cpu, 2 threads per core) family 6 model 78 stepping 3 microcode 0xf0, cx8, cmov, fxsr, ht, mmx, 3dnowpref, sse, sse2, sse3, ssse3, sse4.1, sse4.2, popcnt, lzcnt, tsc, tscinvbit, avx, avx2, aes, erms, clmul, bmi1, bmi2, rtm, adx, fma, vzeroupper, clflush, clflushopt, rdtscp, f16c
Processor Information for processor 0
  Max Mhz: 2496, Current Mhz: 2396, Mhz Limit: 2396
Processor Information for processor 1
  Max Mhz: 2496, Current Mhz: 2396, Mhz Limit: 2396
Processor Information for processor 2
  Max Mhz: 2496, Current Mhz: 1497, Mhz Limit: 2396
Processor Information for processor 3
  Max Mhz: 2496, Current Mhz: 1497, Mhz Limit: 2396

Memory: 4k page, system-wide physical 8071M (936M free)
TotalPageFile size 32647M (AvailPageFile size 107M)
current process WorkingSet (physical memory assigned to process): 11M, peak: 11M
current process commit charge ("private bytes"): 51M, peak: 179M

vm_info: OpenJDK 64-Bit Server VM (21.0.10+-14961533-b1163.108) for windows-amd64 JRE (21.0.10+-14961533-b1163.108), built on 2026-03-02T19:58:50Z by "builder" with MS VC++ 16.10 / 16.11 (VS2019)

END.
